// Jest Snapshot v1, https://goo.gl/fbAQLP

exports[`renders correctly 1`] = `
<View
  style={
    Array [
      Object {
        "alignContent": "flex-start",
        "alignItems": "stretch",
        "display": "flex",
        "flexDirection": "column",
      },
      Object {
        "margin": 10,
      },
    ]
  }
>
  <View
    style={
      Object {
        "alignContent": "flex-start",
        "alignItems": "center",
        "display": "flex",
        "flexDirection": "row",
        "justifyContent": "flex-start",
      }
    }
  >
    <View
      style={
        Object {
          "alignContent": "flex-start",
          "alignItems": "stretch",
          "display": "flex",
          "flexDirection": "column",
        }
      }
    >
      <View
        style={
          Array [
            Object {
              "alignContent": "flex-start",
              "alignItems": "center",
              "display": "flex",
              "flexDirection": "row",
              "justifyContent": "flex-start",
            },
            Object {
              "paddingLeft": 14,
              "paddingRight": 19,
            },
          ]
        }
      >
        <Text
          style={
            Array [
              false,
              false,
              false,
              false,
              false,
              Object {
                "fontSize": 20,
              },
              false,
              undefined,
              0,
              null,
              false,
              false,
              undefined,
              null,
            ]
          }
        />
      </View>
      <View
        style={
          Object {
            "alignContent": "flex-start",
            "alignItems": "center",
            "display": "flex",
            "flexDirection": "row",
            "justifyContent": "flex-start",
          }
        }
      >
        <View
          style={
            Array [
              Object {
                "alignContent": "flex-start",
                "alignItems": "center",
                "display": "flex",
                "flexDirection": "row",
                "justifyContent": "flex-start",
              },
              Object {
                "paddingLeft": 14,
                "paddingRight": 19,
              },
            ]
          }
        >
          <Text
            style={
              Array [
                false,
                false,
                false,
                false,
                false,
                false,
                Object {
                  "color": "#9FA5AA",
                },
                undefined,
                0,
                null,
                false,
                false,
                undefined,
                null,
              ]
            }
          >
             running habits
          </Text>
        </View>
        <View
          style={
            Array [
              Object {
                "alignContent": "flex-start",
                "alignItems": "center",
                "display": "flex",
                "flexDirection": "row",
                "justifyContent": "flex-start",
              },
              Object {
                "paddingLeft": 14,
                "paddingRight": 19,
              },
            ]
          }
        >
          <Text
            style={
              Array [
                false,
                false,
                false,
                false,
                false,
                false,
                Object {
                  "color": "#9FA5AA",
                },
                undefined,
                0,
                null,
                false,
                false,
                undefined,
                null,
              ]
            }
          >
             To-Dos completed
          </Text>
        </View>
      </View>
    </View>
    <View
      style={
        Array [
          Object {
            "alignContent": "flex-start",
            "alignItems": "stretch",
            "display": "flex",
            "flexDirection": "column",
          },
        ]
      }
    >
      <View
        accessible={true}
        focusable={true}
        isTVSelectable={true}
        onClick={[Function]}
        onResponderGrant={[Function]}
        onResponderMove={[Function]}
        onResponderRelease={[Function]}
        onResponderTerminate={[Function]}
        onResponderTerminationRequest={[Function]}
        onStartShouldSetResponder={[Function]}
        style={
          Object {
            "alignItems": "center",
            "backgroundColor": "#FF9C09",
            "borderRadius": 20,
            "borderWidth": 0,
            "elevation": 1,
            "height": 35,
            "justifyContent": "center",
            "opacity": 1,
            "shadowColor": "#FF9C09",
            "shadowOffset": Object {
              "height": 4,
              "width": 0,
            },
            "shadowOpacity": 0.8,
            "shadowRadius": 10,
            "width": 35,
            "zIndex": 2,
          }
        }
      >
        <Text />
      </View>
    </View>
  </View>
  <Modal
    animationType="slide"
    hardwareAccelerated={false}
    onRequestClose={[Function]}
    transparent={true}
    visible={false}
  >
    <View
      accessible={true}
      focusable={true}
      onClick={[Function]}
      onResponderGrant={[Function]}
      onResponderMove={[Function]}
      onResponderRelease={[Function]}
      onResponderTerminate={[Function]}
      onResponderTerminationRequest={[Function]}
      onStartShouldSetResponder={[Function]}
      style={
        Array [
          Object {
            "alignContent": "flex-start",
            "alignItems": "center",
            "display": "flex",
            "flexDirection": "row",
            "justifyContent": "flex-start",
          },
          Object {
            "justifyContent": "center",
          },
          Object {
            "flex": 1,
          },
        ]
      }
    >
      <View
        style={
          Array [
            Object {
              "alignContent": "flex-start",
              "alignItems": "stretch",
              "display": "flex",
              "flexDirection": "column",
            },
            Object {
              "justifyContent": "center",
            },
            undefined,
            Object {
              "alignItems": "stretch",
            },
          ]
        }
      >
        <View
          style={
            Array [
              Object {
                "alignContent": "flex-start",
                "alignItems": "stretch",
                "display": "flex",
                "flexDirection": "column",
              },
              Object {
                "justifyContent": "center",
              },
              Object {
                "alignItems": "stretch",
              },
            ]
          }
        >
          <View
            style={
              Object {
                "alignContent": "center",
                "marginVertical": 8,
              }
            }
          >
            <View
              style={
                Array [
                  Object {
                    "backgroundColor": "#FFFFFF",
                    "borderColor": "#808080",
                    "borderRadius": 8,
                    "borderWidth": 0.8,
                    "height": 44,
                    "paddingHorizontal": 16,
                    "width": "100%",
                  },
                  Object {
                    "alignItems": "center",
                    "flexDirection": "row",
                    "justifyContent": "center",
                  },
                  null,
                  false,
                  false,
                  null,
                ]
              }
            >
              <TextInput
                allowFontScaling={true}
                keyboardType="default"
                onChangeText={[Function]}
                onRef={null}
                placeholder="e.g. Maintain a healthy lifestyle"
                placeholderTextColor={null}
                rejectResponderTermination={true}
                secureTextEntry={false}
                style={
                  Array [
                    Object {
                      "flex": 1,
                    },
                    false,
                    Object {
                      "color": "#808080",
                      "fontSize": 14,
                      "textDecorationColor": "transparent",
                      "textShadowColor": "transparent",
                    },
                    null,
                  ]
                }
                underlineColorAndroid="transparent"
              />
            </View>
          </View>
        </View>
        <View
          style={
            Array [
              Object {
                "alignContent": "flex-start",
                "alignItems": "center",
                "display": "flex",
                "flexDirection": "row",
                "justifyContent": "flex-start",
              },
              Object {
                "justifyContent": "center",
              },
            ]
          }
        >
          <View
            accessible={true}
            focusable={true}
            isTVSelectable={true}
            onClick={[Function]}
            onResponderGrant={[Function]}
            onResponderMove={[Function]}
            onResponderRelease={[Function]}
            onResponderTerminate={[Function]}
            onResponderTerminationRequest={[Function]}
            onStartShouldSetResponder={[Function]}
            style={
              Object {
                "alignItems": "center",
                "backgroundColor": "#B23AFC",
                "borderRadius": 3,
                "elevation": 1,
                "height": 44,
                "justifyContent": "center",
                "opacity": 1,
                "shadowColor": "#B23AFC",
                "shadowOffset": Object {
                  "height": 4,
                  "width": 0,
                },
                "shadowOpacity": 0.8,
                "shadowRadius": 10,
                "width": 375,
                "zIndex": 2,
              }
            }
          >
            <Text
              style={
                Array [
                  false,
                  false,
                  false,
                  false,
                  false,
                  false,
                  false,
                  undefined,
                  0,
                  null,
                  false,
                  false,
                  undefined,
                  null,
                ]
              }
            >
              Change title
            </Text>
          </View>
        </View>
      </View>
    </View>
  </Modal>
</View>
`;
